cargo : warning: 
unused import: 
`Level`
Au caractère Ligne:1 
: 1
+ cargo test > 
test_output.txt 2>&1
+ ~~~~~~~~~~~~~~~~~~~
~~~~~~~~~~~~~~
    + CategoryInfo   
           : NotSpe  
  cified: (warning   
 : unused import:    
 `Level`:String)     
[], RemoteExcep    
tion
    + FullyQualified 
   ErrorId : Native  
  CommandError
 
 --> src\main.rs:9:21
  |
9 | ...nfo, Level};
  |         ^^^^^
  |
  = note: `#[warn(unu
sed_imports)]` (part 
of 
`#[warn(unused)]`) 
on by default

warning: 
`Mosifra-API` (bin 
"Mosifra-API" test) 
generated 1 warning 
(run `cargo fix 
--bin "Mosifra-API" 
-p Mosifra-API 
--tests` to apply 1 
suggestion)
    Finished `test` 
profile [unoptimized 
+ debuginfo] 
target(s) in 0.48s
     Running 
unittests 
src\main.rs (target\d
ebug\deps\Mosifra_API
-45c72aac78867b16.exe
)

running 17 tests
test models::courses::course_type::tests::test_course_type_from_sql_invalid ... ok
test models::courses::course_type::tests::test_course_type_from_sql_valid ... ok
test models::auth::auth_guard::tests::test_invalid_jwt_format ... ok
test utils::crypto::generate_password::tests::test_generate_password_success ... ok
test models::auth::auth_guard::tests::test_jwt_wrong_signature ... ok
test utils::crypto::generate_password::tests::test_generate_password_length ... ok
test models::courses::course_type::tests::test_course_type_to_sql ... ok
test utils::validation::tests::test_password_valid ... ok
test utils::validation::tests::test_password_too_short ... ok
test utils::validation::tests::test_email_valid ... ok
test utils::validation::tests::test_email_invalid ... ok
test utils::mail::verify_mail::tests::test_verify_mail_valid ... ok
test utils::mail::verify_mail::tests::test_verify_mail_invalid ... FAILED
test utils::crypto::hash_password::tests::test_hash_password_returns_hash ... ok
test utils::crypto::verify_password::tests::test_verify_wrong_password ... ok
test utils::crypto::hash_password::tests::test_hash_password_different_each_time ... ok
test utils::crypto::verify_password::tests::test_verify_correct_password ... ok

failures:

---- utils::mail::verify_mail::tests::test_verify_mail_invalid stdout ----

thread 'utils::mail::verify_mail::tests::test_verify_mail_invalid' (29400) panicked at src\utils\mail\verify_mail.rs:34:9:
assertion failed: !verify_mail("User Name <user@example.com>").unwrap()
note: run with `RUST_BACKTRACE=1` environment variable to display a backtrace


failures:
    utils::mail::verify_mail::tests::test_verify_mail_invalid

test result: FAILED. 16 passed; 1 failed; 0 ignored; 0 measured; 0 filtered out; finished in 0.75s

error: test failed, 
to rerun pass `--bin 
Mosifra-API`
